// Vitest Snapshot v1, https://vitest.dev/guide/snapshot.html

exports[`Roles config > should have consistent audit and search event definitions 1`] = `
[
  {
    "id": "FIELD_AGENT",
    "label": {
      "defaultMessage": "Field Agent",
      "description": "Name for user role Field Agent",
      "id": "userRole.fieldAgent",
    },
    "scopes": [
      "record.declare-birth",
      "record.declare-death",
      "record.declare-marriage",
      "record.declaration-submit-incomplete",
      "record.declaration-submit-for-review",
      "search.birth",
      "search.death",
      "search.marriage",
      "user.read:only-my-audit",
      "search[event=birth,access=all]",
      "search[event=death,access=my-jurisdiction]",
      "search[event=tennis-club-membership,access=all]",
      "workqueue[id=assigned-to-you|recent|requires-updates-self|sent-for-review]",
      "record.create[event=birth|death|tennis-club-membership]",
      "record.read[event=birth|death|tennis-club-membership]",
      "record.declare[event=birth|death|tennis-club-membership]",
      "record.notify[event=birth|death|tennis-club-membership]",
    ],
  },
  {
    "id": "REGISTRATION_AGENT",
    "label": {
      "defaultMessage": "Registration Officer",
      "description": "Name for user role Registration Officer",
      "id": "userRole.registrationOfficer",
    },
    "scopes": [
      "record.read",
      "record.declare-birth",
      "record.declare-death",
      "record.declare-marriage",
      "record.declaration-submit-for-approval",
      "record.declaration-submit-for-updates",
      "record.declaration-edit",
      "record.review-duplicates",
      "record.declaration-archive",
      "record.declaration-reinstate",
      "record.registration-print&issue-certified-copies",
      "record.registration-request-correction",
      "performance.read",
      "performance.read-dashboards",
      "organisation.read-locations:my-office",
      "user.read:only-my-audit",
      "search.birth",
      "search.death",
      "search.marriage",
      "organisation.read-locations:my-jurisdiction",
      "user.read:only-my-audit",
      "search[event=birth,access=all]",
      "search[event=death,access=all]",
      "search[event=tennis-club-membership,access=all]",
      "workqueue[id=assigned-to-you|recent|requires-completion|requires-updates-office|in-review|sent-for-approval|in-external-validation|ready-to-print|ready-to-issue]",
      "record.create[event=birth|death|tennis-club-membership]",
      "record.read[event=birth|death|tennis-club-membership]",
      "record.declare[event=birth|death|tennis-club-membership]",
      "record.declared.validate[event=birth|death|tennis-club-membership]",
      "record.declared.reject[event=birth|death|tennis-club-membership]",
      "record.declared.archive[event=birth|death|tennis-club-membership]",
      "record.declared.review-duplicates[event=birth|death|tennis-club-membership]",
      "record.registered.print-certified-copies[event=birth|death|tennis-club-membership]",
      "record.registered.request-correction[event=birth|death|tennis-club-membership]",
    ],
  },
  {
    "id": "LOCAL_REGISTRAR",
    "label": {
      "defaultMessage": "Local Registrar",
      "description": "Name for user role Local Registrar",
      "id": "userRole.localRegistrar",
    },
    "scopes": [
      "record.read",
      "record.declare-birth",
      "record.declare-death",
      "record.declare-marriage",
      "record.declaration-submit-for-updates",
      "record.unassign-others",
      "record.declaration-edit",
      "record.declaration-archive",
      "record.declaration-reinstate",
      "record.review-duplicates",
      "record.register",
      "record.registration-print&issue-certified-copies",
      "profile.electronic-signature",
      "record.registration-correct",
      "record.confirm-registration",
      "record.reject-registration",
      "performance.read",
      "performance.read-dashboards",
      "profile.electronic-signature",
      "user.read:only-my-audit",
      "organisation.read-locations:my-office",
      "performance.vital-statistics-export",
      "search.birth",
      "search.death",
      "search.marriage",
      "organisation.read-locations:my-jurisdiction",
      "user.read:my-office",
      "search[event=birth,access=all]",
      "search[event=death,access=all]",
      "search[event=tennis-club-membership,access=all]",
      "workqueue[id=assigned-to-you|recent|requires-completion|requires-updates-office|in-review-all|in-external-validation|ready-to-print|ready-to-issue]",
      "record.create[event=birth|death|tennis-club-membership]",
      "record.read[event=birth|death|tennis-club-membership]",
      "record.declare[event=birth|death|tennis-club-membership]",
      "record.declared.reject[event=birth|death|tennis-club-membership]",
      "record.declared.archive[event=birth|death|tennis-club-membership]",
      "record.declared.review-duplicates[event=birth|death|tennis-club-membership]",
      "record.register[event=birth|death|tennis-club-membership]",
      "record.registered.print-certified-copies[event=birth|death|tennis-club-membership]",
      "record.registered.correct[event=birth|death|tennis-club-membership]",
    ],
  },
  {
    "id": "LOCAL_SYSTEM_ADMIN",
    "label": {
      "defaultMessage": "Administrator",
      "description": "Name for user role Administrator",
      "id": "userRole.administrator",
    },
    "scopes": [
      "organisation.read-locations:my-jurisdiction",
      "user.create:my-jurisdiction",
      "user.create[role=FIELD_AGENT|HOSPITAL_CLERK|COMMUNITY_LEADER|REGISTRATION_AGENT|LOCAL_REGISTRAR]",
      "user.update:my-jurisdiction",
      "user.edit[role=FIELD_AGENT|HOSPITAL_CLERK|COMMUNITY_LEADER|REGISTRATION_AGENT|LOCAL_REGISTRAR]",
      "user.read:my-jurisdiction",
    ],
  },
  {
    "id": "NATIONAL_SYSTEM_ADMIN",
    "label": {
      "defaultMessage": "National Administrator",
      "description": "Name for user role National Administrator",
      "id": "userRole.nationalAdministrator",
    },
    "scopes": [
      "config.update:all",
      "organisation.read-locations:all",
      "user.create:all",
      "user.create[role=FIELD_AGENT|HOSPITAL_CLERK|COMMUNITY_LEADER|REGISTRATION_AGENT|LOCAL_REGISTRAR|NATIONAL_REGISTRAR|LOCAL_SYSTEM_ADMIN|NATIONAL_SYSTEM_ADMIN|PERFORMANCE_MANAGER]",
      "user.update:all",
      "user.edit[role=FIELD_AGENT|HOSPITAL_CLERK|COMMUNITY_LEADER|REGISTRATION_AGENT|LOCAL_REGISTRAR|NATIONAL_REGISTRAR|LOCAL_SYSTEM_ADMIN|NATIONAL_SYSTEM_ADMIN|PERFORMANCE_MANAGER]",
      "user.read:all",
    ],
  },
  {
    "id": "PERFORMANCE_MANAGER",
    "label": {
      "defaultMessage": "Operations Manager",
      "description": "Name for user role Operations Manager",
      "id": "userRole.operationsManager",
    },
    "scopes": [
      "performance.read",
      "performance.read-dashboards",
      "performance.vital-statistics-export",
      "organisation.read-locations:all",
    ],
  },
  {
    "id": "NATIONAL_REGISTRAR",
    "label": {
      "defaultMessage": "Registrar General",
      "description": "Name for user role Registrar General",
      "id": "userRole.registrarGeneral",
    },
    "scopes": [
      "record.read",
      "record.declare-birth",
      "record.declare-death",
      "record.declare-marriage",
      "record.declaration-submit-for-updates",
      "record.unassign-others",
      "record.declaration-edit",
      "record.declaration-archive",
      "record.declaration-reinstate",
      "record.review-duplicates",
      "record.register",
      "record.registration-print&issue-certified-copies",
      "profile.electronic-signature",
      "record.registration-correct",
      "record.confirm-registration",
      "record.reject-registration",
      "performance.read",
      "performance.read-dashboards",
      "performance.vital-statistics-export",
      "user.read:only-my-audit",
      "profile.electronic-signature",
      "organisation.read-locations:my-office",
      "user.read:my-office",
      "search.birth",
      "search.death",
      "search.marriage",
      "organisation.read-locations:my-jurisdiction",
      "user.read:my-office",
      "search[event=birth,access=all]",
      "search[event=death,access=all]",
      "search[event=tennis-club-membership,access=all]",
      "workqueue[id=assigned-to-you|recent|requires-completion|requires-updates-office|in-review-all|in-external-validation|ready-to-print|ready-to-issue]",
      "record.create[event=birth|death|tennis-club-membership]",
      "record.read[event=birth|death|tennis-club-membership]",
      "record.declare[event=birth|death|tennis-club-membership]",
      "record.declared.reject[event=birth|death|tennis-club-membership]",
      "record.declared.archive[event=birth|death|tennis-club-membership]",
      "record.declared.review-duplicates[event=birth|death|tennis-club-membership]",
      "record.register[event=birth|death|tennis-club-membership]",
      "record.registered.print-certified-copies[event=birth|death|tennis-club-membership]",
      "record.registered.correct[event=birth|death|tennis-club-membership]",
    ],
  },
  {
    "id": "HOSPITAL_CLERK",
    "label": {
      "defaultMessage": "Hospital Clerk",
      "description": "Name for user role Hospital Clerk",
      "id": "userRole.hospitalClerk",
    },
    "scopes": [
      "record.declare-birth",
      "record.declare-death",
      "record.declaration-submit-incomplete",
      "record.declaration-submit-for-review",
      "search.birth",
      "search.death",
      "user.read:only-my-audit",
      "search[event=birth,access=all]",
      "search[event=death,access=all]",
      "search[event=tennis-club-membership,access=all]",
      "workqueue[id=assigned-to-you|recent|requires-updates-self|sent-for-review]",
      "record.create[event=birth|death|tennis-club-membership]",
      "record.read[event=birth|death|tennis-club-membership]",
      "record.declare[event=birth|death|tennis-club-membership]",
      "record.notify[event=birth|death|tennis-club-membership]",
    ],
  },
  {
    "id": "COMMUNITY_LEADER",
    "label": {
      "defaultMessage": "Community Leader",
      "description": "Name for user role Community Leader",
      "id": "userRole.communityLeader",
    },
    "scopes": [
      "record.declare-birth",
      "record.declare-death",
      "record.declare-marriage",
      "record.declaration-submit-incomplete",
      "record.declaration-submit-for-review",
      "record.registration-print&issue-certified-copies",
      "search.birth",
      "search.death",
      "search.marriage",
      "user.read:only-my-audit",
      "search[event=birth,access=all]",
      "search[event=death,access=all]",
      "search[event=tennis-club-membership,access=all]",
      "workqueue[id=assigned-to-you|recent|sent-for-review|ready-to-print]",
      "record.create[event=birth|death|tennis-club-membership]",
      "record.read[event=birth|death|tennis-club-membership]",
      "record.declare[event=birth|death|tennis-club-membership]",
      "record.notify[event=birth|death|tennis-club-membership]",
      "record.registered.print-certified-copies[event=birth|death|tennis-club-membership]",
    ],
  },
  {
    "id": "POLICE_OFFICER",
    "label": {
      "defaultMessage": "Police Officer",
      "description": "Name for user role Police Officer",
      "id": "userRole.policeOfficer",
    },
    "scopes": [
      "record.declare-birth",
      "record.declare-death",
      "record.declare-marriage",
      "record.declaration-submit-incomplete",
      "record.declaration-submit-for-review",
      "search.birth",
      "search.death",
      "search.marriage",
      "search[event=birth,access=all]",
      "search[event=death,access=all]",
      "search[event=tennis-club-membership,access=all]",
      "workqueue[id=assigned-to-you|recent|requires-updates-self|sent-for-review]",
      "record.create[event=birth|death|tennis-club-membership]",
      "record.read[event=birth|death|tennis-club-membership]",
      "record.declare[event=birth|death|tennis-club-membership]",
      "record.notify[event=birth|death|tennis-club-membership]",
    ],
  },
  {
    "id": "HOSPITAL_CLERK",
    "label": {
      "defaultMessage": "Hospital Clerk",
      "description": "Name for user role Hospital Clerk",
      "id": "userRole.hospitalClerk",
    },
    "scopes": [
      "record.declare-birth",
      "record.declare-death",
      "record.declare-marriage",
      "record.declaration-submit-incomplete",
      "record.declaration-submit-for-review",
      "search.birth",
      "search.death",
      "search.marriage",
      "search[event=birth,access=all]",
      "search[event=death,access=all]",
      "search[event=tennis-club-membership,access=all]",
      "workqueue[id=assigned-to-you|recent|requires-updates-self|sent-for-review]",
      "record.create[event=birth|death|tennis-club-membership]",
      "record.read[event=birth|death|tennis-club-membership]",
      "record.declare[event=birth|death|tennis-club-membership]",
      "record.notify[event=birth|death|tennis-club-membership]",
    ],
  },
  {
    "id": "HEALTHCARE_WORKER",
    "label": {
      "defaultMessage": "Healthcare Worker",
      "description": "Name for user role Healthcare Worker",
      "id": "userRole.healthcareWorker",
    },
    "scopes": [
      "record.declare-birth",
      "record.declare-death",
      "record.declare-marriage",
      "record.declaration-submit-incomplete",
      "record.declaration-submit-for-review",
      "search.birth",
      "search.death",
      "search.marriage",
      "search[event=birth,access=all]",
      "search[event=death,access=all]",
      "search[event=tennis-club-membership,access=all]",
      "workqueue[id=assigned-to-you|recent|requires-updates-self|sent-for-review]",
      "record.create[event=birth|death|tennis-club-membership]",
      "record.read[event=birth|death|tennis-club-membership]",
      "record.declare[event=birth|death|tennis-club-membership]",
      "record.notify[event=birth|death|tennis-club-membership]",
    ],
  },
  {
    "id": "COMMUNITY_LEADER",
    "label": {
      "defaultMessage": "Community Leader",
      "description": "Name for user role Community Leader",
      "id": "userRole.communityLeader",
    },
    "scopes": [
      "record.declare-birth",
      "record.declare-death",
      "record.declare-marriage",
      "record.declaration-submit-incomplete",
      "record.declaration-submit-for-review",
      "search.birth",
      "search.death",
      "search.marriage",
      "search[event=birth,access=all]",
      "search[event=death,access=all]",
      "search[event=tennis-club-membership,access=all]",
      "workqueue[id=assigned-to-you|recent|requires-updates-self|sent-for-review]",
      "record.create[event=birth|death|tennis-club-membership]",
      "record.read[event=birth|death|tennis-club-membership]",
      "record.declare[event=birth|death|tennis-club-membership]",
      "record.notify[event=birth|death|tennis-club-membership]",
    ],
  },
]
`;

exports[`Roles config > should match the snapshot (scopes integrity) 1`] = `
[
  {
    "id": "FIELD_AGENT",
    "label": {
      "defaultMessage": "Field Agent",
      "description": "Name for user role Field Agent",
      "id": "userRole.fieldAgent",
    },
    "scopes": [
      "record.declare-birth",
      "record.declare-death",
      "record.declare-marriage",
      "record.declaration-submit-incomplete",
      "record.declaration-submit-for-review",
      "search.birth",
      "search.death",
      "search.marriage",
      "user.read:only-my-audit",
      "search[event=birth,access=all]",
      "search[event=death,access=my-jurisdiction]",
      "search[event=tennis-club-membership,access=all]",
      "workqueue[id=assigned-to-you|recent|requires-updates-self|sent-for-review]",
      "record.create[event=birth|death|tennis-club-membership]",
      "record.read[event=birth|death|tennis-club-membership]",
      "record.declare[event=birth|death|tennis-club-membership]",
      "record.notify[event=birth|death|tennis-club-membership]",
    ],
  },
  {
    "id": "REGISTRATION_AGENT",
    "label": {
      "defaultMessage": "Registration Officer",
      "description": "Name for user role Registration Officer",
      "id": "userRole.registrationOfficer",
    },
    "scopes": [
      "record.read",
      "record.declare-birth",
      "record.declare-death",
      "record.declare-marriage",
      "record.declaration-submit-for-approval",
      "record.declaration-submit-for-updates",
      "record.declaration-edit",
      "record.review-duplicates",
      "record.declaration-archive",
      "record.declaration-reinstate",
      "record.registration-print&issue-certified-copies",
      "record.registration-request-correction",
      "performance.read",
      "performance.read-dashboards",
      "organisation.read-locations:my-office",
      "user.read:only-my-audit",
      "search.birth",
      "search.death",
      "search.marriage",
      "organisation.read-locations:my-jurisdiction",
      "user.read:only-my-audit",
      "search[event=birth,access=all]",
      "search[event=death,access=all]",
      "search[event=tennis-club-membership,access=all]",
      "workqueue[id=assigned-to-you|recent|requires-completion|requires-updates-office|in-review|sent-for-approval|in-external-validation|ready-to-print|ready-to-issue]",
      "record.create[event=birth|death|tennis-club-membership]",
      "record.read[event=birth|death|tennis-club-membership]",
      "record.declare[event=birth|death|tennis-club-membership]",
      "record.declared.validate[event=birth|death|tennis-club-membership]",
      "record.declared.reject[event=birth|death|tennis-club-membership]",
      "record.declared.archive[event=birth|death|tennis-club-membership]",
      "record.declared.review-duplicates[event=birth|death|tennis-club-membership]",
      "record.registered.print-certified-copies[event=birth|death|tennis-club-membership]",
      "record.registered.request-correction[event=birth|death|tennis-club-membership]",
    ],
  },
  {
    "id": "LOCAL_REGISTRAR",
    "label": {
      "defaultMessage": "Local Registrar",
      "description": "Name for user role Local Registrar",
      "id": "userRole.localRegistrar",
    },
    "scopes": [
      "record.read",
      "record.declare-birth",
      "record.declare-death",
      "record.declare-marriage",
      "record.declaration-submit-for-updates",
      "record.unassign-others",
      "record.declaration-edit",
      "record.declaration-archive",
      "record.declaration-reinstate",
      "record.review-duplicates",
      "record.register",
      "record.registration-print&issue-certified-copies",
      "profile.electronic-signature",
      "record.registration-correct",
      "record.confirm-registration",
      "record.reject-registration",
      "performance.read",
      "performance.read-dashboards",
      "profile.electronic-signature",
      "user.read:only-my-audit",
      "organisation.read-locations:my-office",
      "performance.vital-statistics-export",
      "search.birth",
      "search.death",
      "search.marriage",
      "organisation.read-locations:my-jurisdiction",
      "user.read:my-office",
      "search[event=birth,access=all]",
      "search[event=death,access=all]",
      "search[event=tennis-club-membership,access=all]",
      "workqueue[id=assigned-to-you|recent|requires-completion|requires-updates-office|in-review-all|in-external-validation|ready-to-print|ready-to-issue]",
      "record.create[event=birth|death|tennis-club-membership]",
      "record.read[event=birth|death|tennis-club-membership]",
      "record.declare[event=birth|death|tennis-club-membership]",
      "record.declared.reject[event=birth|death|tennis-club-membership]",
      "record.declared.archive[event=birth|death|tennis-club-membership]",
      "record.declared.review-duplicates[event=birth|death|tennis-club-membership]",
      "record.register[event=birth|death|tennis-club-membership]",
      "record.registered.print-certified-copies[event=birth|death|tennis-club-membership]",
      "record.registered.correct[event=birth|death|tennis-club-membership]",
    ],
  },
  {
    "id": "LOCAL_SYSTEM_ADMIN",
    "label": {
      "defaultMessage": "Administrator",
      "description": "Name for user role Administrator",
      "id": "userRole.administrator",
    },
    "scopes": [
      "organisation.read-locations:my-jurisdiction",
      "user.create:my-jurisdiction",
      "user.create[role=FIELD_AGENT|HOSPITAL_CLERK|COMMUNITY_LEADER|REGISTRATION_AGENT|LOCAL_REGISTRAR]",
      "user.update:my-jurisdiction",
      "user.edit[role=FIELD_AGENT|HOSPITAL_CLERK|COMMUNITY_LEADER|REGISTRATION_AGENT|LOCAL_REGISTRAR]",
      "user.read:my-jurisdiction",
    ],
  },
  {
    "id": "NATIONAL_SYSTEM_ADMIN",
    "label": {
      "defaultMessage": "National Administrator",
      "description": "Name for user role National Administrator",
      "id": "userRole.nationalAdministrator",
    },
    "scopes": [
      "config.update:all",
      "organisation.read-locations:all",
      "user.create:all",
      "user.create[role=FIELD_AGENT|HOSPITAL_CLERK|COMMUNITY_LEADER|REGISTRATION_AGENT|LOCAL_REGISTRAR|NATIONAL_REGISTRAR|LOCAL_SYSTEM_ADMIN|NATIONAL_SYSTEM_ADMIN|PERFORMANCE_MANAGER]",
      "user.update:all",
      "user.edit[role=FIELD_AGENT|HOSPITAL_CLERK|COMMUNITY_LEADER|REGISTRATION_AGENT|LOCAL_REGISTRAR|NATIONAL_REGISTRAR|LOCAL_SYSTEM_ADMIN|NATIONAL_SYSTEM_ADMIN|PERFORMANCE_MANAGER]",
      "user.read:all",
    ],
  },
  {
    "id": "PERFORMANCE_MANAGER",
    "label": {
      "defaultMessage": "Operations Manager",
      "description": "Name for user role Operations Manager",
      "id": "userRole.operationsManager",
    },
    "scopes": [
      "performance.read",
      "performance.read-dashboards",
      "performance.vital-statistics-export",
      "organisation.read-locations:all",
    ],
  },
  {
    "id": "NATIONAL_REGISTRAR",
    "label": {
      "defaultMessage": "Registrar General",
      "description": "Name for user role Registrar General",
      "id": "userRole.registrarGeneral",
    },
    "scopes": [
      "record.read",
      "record.declare-birth",
      "record.declare-death",
      "record.declare-marriage",
      "record.declaration-submit-for-updates",
      "record.unassign-others",
      "record.declaration-edit",
      "record.declaration-archive",
      "record.declaration-reinstate",
      "record.review-duplicates",
      "record.register",
      "record.registration-print&issue-certified-copies",
      "profile.electronic-signature",
      "record.registration-correct",
      "record.confirm-registration",
      "record.reject-registration",
      "performance.read",
      "performance.read-dashboards",
      "performance.vital-statistics-export",
      "user.read:only-my-audit",
      "profile.electronic-signature",
      "organisation.read-locations:my-office",
      "user.read:my-office",
      "search.birth",
      "search.death",
      "search.marriage",
      "organisation.read-locations:my-jurisdiction",
      "user.read:my-office",
      "search[event=birth,access=all]",
      "search[event=death,access=all]",
      "search[event=tennis-club-membership,access=all]",
      "workqueue[id=assigned-to-you|recent|requires-completion|requires-updates-office|in-review-all|in-external-validation|ready-to-print|ready-to-issue]",
      "record.create[event=birth|death|tennis-club-membership]",
      "record.read[event=birth|death|tennis-club-membership]",
      "record.declare[event=birth|death|tennis-club-membership]",
      "record.declared.reject[event=birth|death|tennis-club-membership]",
      "record.declared.archive[event=birth|death|tennis-club-membership]",
      "record.declared.review-duplicates[event=birth|death|tennis-club-membership]",
      "record.register[event=birth|death|tennis-club-membership]",
      "record.registered.print-certified-copies[event=birth|death|tennis-club-membership]",
      "record.registered.correct[event=birth|death|tennis-club-membership]",
    ],
  },
  {
    "id": "HOSPITAL_CLERK",
    "label": {
      "defaultMessage": "Hospital Clerk",
      "description": "Name for user role Hospital Clerk",
      "id": "userRole.hospitalClerk",
    },
    "scopes": [
      "record.declare-birth",
      "record.declare-death",
      "record.declaration-submit-incomplete",
      "record.declaration-submit-for-review",
      "search.birth",
      "search.death",
      "user.read:only-my-audit",
      "search[event=birth,access=all]",
      "search[event=death,access=all]",
      "search[event=tennis-club-membership,access=all]",
      "workqueue[id=assigned-to-you|recent|requires-updates-self|sent-for-review]",
      "record.create[event=birth|death|tennis-club-membership]",
      "record.read[event=birth|death|tennis-club-membership]",
      "record.declare[event=birth|death|tennis-club-membership]",
      "record.notify[event=birth|death|tennis-club-membership]",
    ],
  },
  {
    "id": "COMMUNITY_LEADER",
    "label": {
      "defaultMessage": "Community Leader",
      "description": "Name for user role Community Leader",
      "id": "userRole.communityLeader",
    },
    "scopes": [
      "record.declare-birth",
      "record.declare-death",
      "record.declare-marriage",
      "record.declaration-submit-incomplete",
      "record.declaration-submit-for-review",
      "record.registration-print&issue-certified-copies",
      "search.birth",
      "search.death",
      "search.marriage",
      "user.read:only-my-audit",
      "search[event=birth,access=all]",
      "search[event=death,access=all]",
      "search[event=tennis-club-membership,access=all]",
      "workqueue[id=assigned-to-you|recent|sent-for-review|ready-to-print]",
      "record.create[event=birth|death|tennis-club-membership]",
      "record.read[event=birth|death|tennis-club-membership]",
      "record.declare[event=birth|death|tennis-club-membership]",
      "record.notify[event=birth|death|tennis-club-membership]",
      "record.registered.print-certified-copies[event=birth|death|tennis-club-membership]",
    ],
  },
  {
    "id": "POLICE_OFFICER",
    "label": {
      "defaultMessage": "Police Officer",
      "description": "Name for user role Police Officer",
      "id": "userRole.policeOfficer",
    },
    "scopes": [
      "record.declare-birth",
      "record.declare-death",
      "record.declare-marriage",
      "record.declaration-submit-incomplete",
      "record.declaration-submit-for-review",
      "search.birth",
      "search.death",
      "search.marriage",
      "search[event=birth,access=all]",
      "search[event=death,access=all]",
      "search[event=tennis-club-membership,access=all]",
      "workqueue[id=assigned-to-you|recent|requires-updates-self|sent-for-review]",
      "record.create[event=birth|death|tennis-club-membership]",
      "record.read[event=birth|death|tennis-club-membership]",
      "record.declare[event=birth|death|tennis-club-membership]",
      "record.notify[event=birth|death|tennis-club-membership]",
    ],
  },
  {
    "id": "HOSPITAL_CLERK",
    "label": {
      "defaultMessage": "Hospital Clerk",
      "description": "Name for user role Hospital Clerk",
      "id": "userRole.hospitalClerk",
    },
    "scopes": [
      "record.declare-birth",
      "record.declare-death",
      "record.declare-marriage",
      "record.declaration-submit-incomplete",
      "record.declaration-submit-for-review",
      "search.birth",
      "search.death",
      "search.marriage",
      "search[event=birth,access=all]",
      "search[event=death,access=all]",
      "search[event=tennis-club-membership,access=all]",
      "workqueue[id=assigned-to-you|recent|requires-updates-self|sent-for-review]",
      "record.create[event=birth|death|tennis-club-membership]",
      "record.read[event=birth|death|tennis-club-membership]",
      "record.declare[event=birth|death|tennis-club-membership]",
      "record.notify[event=birth|death|tennis-club-membership]",
    ],
  },
  {
    "id": "HEALTHCARE_WORKER",
    "label": {
      "defaultMessage": "Healthcare Worker",
      "description": "Name for user role Healthcare Worker",
      "id": "userRole.healthcareWorker",
    },
    "scopes": [
      "record.declare-birth",
      "record.declare-death",
      "record.declare-marriage",
      "record.declaration-submit-incomplete",
      "record.declaration-submit-for-review",
      "search.birth",
      "search.death",
      "search.marriage",
      "search[event=birth,access=all]",
      "search[event=death,access=all]",
      "search[event=tennis-club-membership,access=all]",
      "workqueue[id=assigned-to-you|recent|requires-updates-self|sent-for-review]",
      "record.create[event=birth|death|tennis-club-membership]",
      "record.read[event=birth|death|tennis-club-membership]",
      "record.declare[event=birth|death|tennis-club-membership]",
      "record.notify[event=birth|death|tennis-club-membership]",
    ],
  },
  {
    "id": "COMMUNITY_LEADER",
    "label": {
      "defaultMessage": "Community Leader",
      "description": "Name for user role Community Leader",
      "id": "userRole.communityLeader",
    },
    "scopes": [
      "record.declare-birth",
      "record.declare-death",
      "record.declare-marriage",
      "record.declaration-submit-incomplete",
      "record.declaration-submit-for-review",
      "search.birth",
      "search.death",
      "search.marriage",
      "search[event=birth,access=all]",
      "search[event=death,access=all]",
      "search[event=tennis-club-membership,access=all]",
      "workqueue[id=assigned-to-you|recent|requires-updates-self|sent-for-review]",
      "record.create[event=birth|death|tennis-club-membership]",
      "record.read[event=birth|death|tennis-club-membership]",
      "record.declare[event=birth|death|tennis-club-membership]",
      "record.notify[event=birth|death|tennis-club-membership]",
    ],
  },
]
`;
